// Jest Snapshot v1, https://goo.gl/fbAQLP

exports[`actions/auth dispatches an toggleHamburgerMenu action 1`] = `[Function]`;
