// Jest Snapshot v1, https://goo.gl/fbAQLP

exports[`actions/auth isAuth dispatches a isAuth action after success 1`] = `[Function]`;
