// Jest Snapshot v1, https://goo.gl/fbAQLP

exports[`actions/stats dispatches a getStats action for event stats 1`] = `[Function]`;

exports[`actions/stats dispatches a getStats action for measurement stats 1`] = `[Function]`;
